<html>
 <body>
Ceci est un texte traduit par un processeur XSLT.
  <h2>
Réaliser un compilateur
  </h2>
  <h3>
   <i>
Nino
Silverio
   </i>
  </h3>
  <i>
Ceci est extrait du livre "Réaliser un compilateur : 
	les outils Lex et Yacc" de Nino Silverio.
  </i>
  <h2>
Introduction : concepts de base
  </h2>
  <p>
   <h2>
Fonctions et structure d'un compilateur
   </h2>
   <p>
Tout programme rédigé dans un langage de programmation de haut niveau 
	tel que Pascal ou C ne peut être exécuté par un ordinateur que s'il 
	est traduit en instructions exécutables par l'ordinateur, généralement 
	des instruction en langage machine. L'ordinateur qui doit exécuter 
	le programme ainsi traduit est appelé machine cible.
   </p>
  </p>
  <p>
   <h2>
Réalisation d'un compilateur
   </h2>
   <p>
Comme l'écriture d'un compilateur est une tâche fort complexe, 
	le programmateur a tout intérêt à travailler en utilisant un langage 
	de programmation de haut niveau.
   </p>
  </p>
  <br/>
  <br/>
 </body>
</html>
